START-OF-LOG: 3.0
CREATED-BY: DXLog.net v2.6.30
CONTEST: DXPEDITION
CALLSIGN: YU1XO
CATEGORY-OPERATOR: SINGLE-OP
CATEGORY-TRANSMITTER: ONE
CATEGORY-STATION: FIXED
CATEGORY-POWER: HIGH
GRID-LOCATOR: JN94US
CATEGORY-BAND: ALL
CATEGORY-MODE: CW
CLAIMED-SCORE: 18
NAME: Svetislav M. Grujic
ADDRESS: Svetogorska 33
ADDRESS-CITY: Sabac
ADDRESS-POSTALCODE: 15000
ADDRESS-COUNTRY: Serbia
CERTIFICATE: YES
SOAPBOX: 
QSO:  7000 CW 2026-06-01 1457 YU1XO         599        YU7RQ         599              
QSO:  7000 CW 2026-06-01 1458 YU1XO         599        HA6FI         599              
QSO:  7000 CW 2026-06-01 1507 YU1XO         599        OM2IB         599              
QSO:  7022 CW 2026-06-01 1513 YU1XO         599        S58MU         599              
QSO:  7025 CW 2026-06-01 1554 YU1XO         599        HA0LQ         599              
QSO:  7025 CW 2026-06-01 1554 YU1XO         599        RM2Z          599              
QSO:  7025 CW 2026-06-01 1555 YU1XO         599        OK1SNY        599              
QSO:  7025 CW 2026-06-01 1555 YU1XO         599        S58BO         599              
QSO:  7025 CW 2026-06-01 1556 YU1XO         599        DL1DTX        599              
QSO:  7025 CW 2026-06-01 1557 YU1XO         599        DL5YDR        599              
QSO:  7025 CW 2026-06-01 1558 YU1XO         599        YU8DX         599              
QSO:  7025 CW 2026-06-01 1559 YU1XO         599        OM3CPP        599              
QSO:  7016 CW 2026-06-01 1609 YU1XO         599        DJ2GS         599              
QSO:  7027 CW 2026-06-01 1615 YU1XO         599        9A2UN         599              
QSO:  7027 CW 2026-06-01 1616 YU1XO         599        HA8LLJ        599              
QSO:  7027 CW 2026-06-01 1617 YU1XO         599        UR5KO         599              
QSO:  7014 CW 2026-06-01 1620 YU1XO         599        9A2IP         599              
QSO:  7014 CW 2026-06-01 1621 YU1XO         599        SP6AXW        599              
END-OF-LOG:
